------------------------------------------------------------
Timing Analyzer Summary
------------------------------------------------------------

Type  : Slow 1200mV 85C Model Setup 'DFF1:\LP1:0:U|TMP'
Slack : -0.569
TNS   : -0.569

Type  : Slow 1200mV 85C Model Setup 'PulseIn'
Slack : -0.523
TNS   : -0.523

Type  : Slow 1200mV 85C Model Setup 'DFF1:\LP1:1:U|TMP'
Slack : -0.460
TNS   : -0.460

Type  : Slow 1200mV 85C Model Setup 'DFF1:\LP1:2:U|TMP'
Slack : 0.298
TNS   : 0.000

Type  : Slow 1200mV 85C Model Hold 'DFF1:\LP1:2:U|TMP'
Slack : 0.393
TNS   : 0.000

Type  : Slow 1200mV 85C Model Hold 'PulseIn'
Slack : 0.499
TNS   : 0.000

Type  : Slow 1200mV 85C Model Hold 'DFF1:\LP1:0:U|TMP'
Slack : 0.633
TNS   : 0.000

Type  : Slow 1200mV 85C Model Hold 'DFF1:\LP1:1:U|TMP'
Slack : 0.689
TNS   : 0.000

Type  : Slow 1200mV 85C Model Minimum Pulse Width 'PulseIn'
Slack : -3.000
TNS   : -4.403

Type  : Slow 1200mV 85C Model Minimum Pulse Width 'DFF1:\LP1:0:U|TMP'
Slack : -1.403
TNS   : -1.403

Type  : Slow 1200mV 85C Model Minimum Pulse Width 'DFF1:\LP1:1:U|TMP'
Slack : -1.403
TNS   : -1.403

Type  : Slow 1200mV 85C Model Minimum Pulse Width 'DFF1:\LP1:2:U|TMP'
Slack : -1.403
TNS   : -1.403

Type  : Slow 1200mV 0C Model Setup 'DFF1:\LP1:0:U|TMP'
Slack : -0.488
TNS   : -0.488

Type  : Slow 1200mV 0C Model Setup 'DFF1:\LP1:1:U|TMP'
Slack : -0.404
TNS   : -0.404

Type  : Slow 1200mV 0C Model Setup 'PulseIn'
Slack : -0.350
TNS   : -0.350

Type  : Slow 1200mV 0C Model Setup 'DFF1:\LP1:2:U|TMP'
Slack : 0.361
TNS   : 0.000

Type  : Slow 1200mV 0C Model Hold 'DFF1:\LP1:2:U|TMP'
Slack : 0.354
TNS   : 0.000

Type  : Slow 1200mV 0C Model Hold 'PulseIn'
Slack : 0.356
TNS   : 0.000

Type  : Slow 1200mV 0C Model Hold 'DFF1:\LP1:0:U|TMP'
Slack : 0.588
TNS   : 0.000

Type  : Slow 1200mV 0C Model Hold 'DFF1:\LP1:1:U|TMP'
Slack : 0.652
TNS   : 0.000

Type  : Slow 1200mV 0C Model Minimum Pulse Width 'PulseIn'
Slack : -3.000
TNS   : -4.403

Type  : Slow 1200mV 0C Model Minimum Pulse Width 'DFF1:\LP1:0:U|TMP'
Slack : -1.403
TNS   : -1.403

Type  : Slow 1200mV 0C Model Minimum Pulse Width 'DFF1:\LP1:1:U|TMP'
Slack : -1.403
TNS   : -1.403

Type  : Slow 1200mV 0C Model Minimum Pulse Width 'DFF1:\LP1:2:U|TMP'
Slack : -1.403
TNS   : -1.403

Type  : Fast 1200mV 0C Model Setup 'PulseIn'
Slack : -0.033
TNS   : -0.033

Type  : Fast 1200mV 0C Model Setup 'DFF1:\LP1:0:U|TMP'
Slack : 0.110
TNS   : 0.000

Type  : Fast 1200mV 0C Model Setup 'DFF1:\LP1:1:U|TMP'
Slack : 0.172
TNS   : 0.000

Type  : Fast 1200mV 0C Model Setup 'DFF1:\LP1:2:U|TMP'
Slack : 0.693
TNS   : 0.000

Type  : Fast 1200mV 0C Model Hold 'DFF1:\LP1:2:U|TMP'
Slack : 0.169
TNS   : 0.000

Type  : Fast 1200mV 0C Model Hold 'DFF1:\LP1:1:U|TMP'
Slack : 0.204
TNS   : 0.000

Type  : Fast 1200mV 0C Model Hold 'DFF1:\LP1:0:U|TMP'
Slack : 0.210
TNS   : 0.000

Type  : Fast 1200mV 0C Model Hold 'PulseIn'
Slack : 0.304
TNS   : 0.000

Type  : Fast 1200mV 0C Model Minimum Pulse Width 'PulseIn'
Slack : -3.000
TNS   : -4.071

Type  : Fast 1200mV 0C Model Minimum Pulse Width 'DFF1:\LP1:0:U|TMP'
Slack : -1.000
TNS   : -1.000

Type  : Fast 1200mV 0C Model Minimum Pulse Width 'DFF1:\LP1:1:U|TMP'
Slack : -1.000
TNS   : -1.000

Type  : Fast 1200mV 0C Model Minimum Pulse Width 'DFF1:\LP1:2:U|TMP'
Slack : -1.000
TNS   : -1.000

------------------------------------------------------------
